// Jest Snapshot v1, https://goo.gl/fbAQLP

exports[`AppBar component should render snapshot 1`] = `
.c0 {
  font-size: 0;
  padding: .5rem 1rem;
  position: relative;
  z-index: 120;
}

.c0 > img {
  margin-top: 1rem;
}

<div
  className="test-appBar c0"
>
  <div>
    <img
      alt="welp_ar"
      height="32"
      src="./public/welp_ar/logo.png"
    />
  </div>
</div>
`;
